Archive member included to satisfy reference by file (symbol)

/opt/amiga/m68k-amigaos/lib//libamiga.a(newobject.o)
                              CDChanger.o (NewObject)
/opt/amiga/m68k-amigaos/lib//libamiga.a(NewList.o)
                              CDChanger.o (NewList)
/opt/amiga/m68k-amigaos/lib//libamiga.a(DoMethod.o)
                              CDChanger.o (DoMethod)
/opt/amiga/m68k-amigaos/lib//libc.a(lib_a-__dosbase.o)
                              /opt/amiga/lib/gcc/m68k-amigaos/6.5.0b/../../../../m68k-amigaos/lib/crt0.o (DOSBase)
/opt/amiga/m68k-amigaos/lib//libc.a(lib_a-__nocommandline.o)
                              /opt/amiga/lib/gcc/m68k-amigaos/6.5.0b/../../../../m68k-amigaos/lib/crt0.o (__nocommandline)
/opt/amiga/m68k-amigaos/lib//libc.a(lib_a-__udivsi3.o)
                              scsi.o (__udivsi3)
/opt/amiga/m68k-amigaos/lib//libc.a(lib_a-calloc.o)
                              /opt/amiga/m68k-amigaos/lib//libc.a(lib_a-__nocommandline.o) (calloc)
/opt/amiga/m68k-amigaos/lib//libc.a(lib_a-callocr.o)
                              /opt/amiga/m68k-amigaos/lib//libc.a(lib_a-calloc.o) (_calloc_r)
/opt/amiga/m68k-amigaos/lib//libc.a(lib_a-impure.o)
                              /opt/amiga/m68k-amigaos/lib//libc.a(lib_a-calloc.o) (_impure_ptr)
/opt/amiga/m68k-amigaos/lib//libc.a(lib_a-malloc.o)
                              /opt/amiga/m68k-amigaos/lib//libc.a(lib_a-__nocommandline.o) (malloc)
/opt/amiga/m68k-amigaos/lib//libc.a(lib_a-memcpy.o)
                              /opt/amiga/m68k-amigaos/lib//libc.a(lib_a-callocr.o) (memcpy)
/opt/amiga/m68k-amigaos/lib//libc.a(lib_a-memset.o)
                              /opt/amiga/m68k-amigaos/lib//libc.a(lib_a-callocr.o) (memset)
/opt/amiga/m68k-amigaos/lib//libc.a(lib_a-strcat.o)
                              /opt/amiga/lib/gcc/m68k-amigaos/6.5.0b/../../../../m68k-amigaos/lib/crt0.o (strcat)
/opt/amiga/m68k-amigaos/lib//libc.a(lib_a-strcpy.o)
                              /opt/amiga/lib/gcc/m68k-amigaos/6.5.0b/../../../../m68k-amigaos/lib/crt0.o (strcpy)
/opt/amiga/m68k-amigaos/lib//libc.a(lib_a-strlen.o)
                              /opt/amiga/lib/gcc/m68k-amigaos/6.5.0b/../../../../m68k-amigaos/lib/crt0.o (strlen)
/opt/amiga/m68k-amigaos/lib//libc.a(lib_a-strncat.o)
                              CDChanger.o (strncat)
/opt/amiga/m68k-amigaos/lib//libc.a(lib_a-strncpy.o)
                              CDChanger.o (strncpy)
/opt/amiga/m68k-amigaos/lib//libc.a(lib_a-strstr.o)
                              /opt/amiga/lib/gcc/m68k-amigaos/6.5.0b/../../../../m68k-amigaos/lib/crt0.o (strstr)
/opt/amiga/m68k-amigaos/lib//libc.a(malloc.o)
                              /opt/amiga/m68k-amigaos/lib//libc.a(lib_a-callocr.o) (_malloc_r)
/opt/amiga/m68k-amigaos/lib//libc.a(lib_a-__mulsi3.o)
                              /opt/amiga/m68k-amigaos/lib//libc.a(lib_a-callocr.o) (__mulsi3)
/opt/amiga/m68k-amigaos/lib//libc.a(lib_a-findfp.o)
                              /opt/amiga/m68k-amigaos/lib//libc.a(lib_a-impure.o) (__sf_fake_stdin)
/opt/amiga/m68k-amigaos/lib//libc.a(lib_a-fwalk.o)
                              /opt/amiga/m68k-amigaos/lib//libc.a(lib_a-findfp.o) (_fwalk)
/opt/amiga/m68k-amigaos/lib//libc.a(lib_a-memchr.o)
                              /opt/amiga/m68k-amigaos/lib//libc.a(lib_a-strstr.o) (memchr)
/opt/amiga/m68k-amigaos/lib//libc.a(lib_a-memcmp.o)
                              /opt/amiga/m68k-amigaos/lib//libc.a(lib_a-strstr.o) (memcmp)
/opt/amiga/m68k-amigaos/lib//libc.a(lib_a-stdio.o)
                              /opt/amiga/m68k-amigaos/lib//libc.a(lib_a-findfp.o) (__sread)
/opt/amiga/m68k-amigaos/lib//libc.a(lib_a-strchr.o)
                              /opt/amiga/m68k-amigaos/lib//libc.a(lib_a-strstr.o) (strchr)
/opt/amiga/m68k-amigaos/lib//libc.a(lib_a-writer.o)
                              /opt/amiga/m68k-amigaos/lib//libc.a(lib_a-stdio.o) (_write_r)
/opt/amiga/m68k-amigaos/lib//libc.a(lib_a-closer.o)
                              /opt/amiga/m68k-amigaos/lib//libc.a(lib_a-stdio.o) (_close_r)
/opt/amiga/m68k-amigaos/lib//libc.a(lib_a-fclose.o)
                              /opt/amiga/m68k-amigaos/lib//libc.a(lib_a-findfp.o) (_fclose_r)
/opt/amiga/m68k-amigaos/lib//libc.a(lib_a-fflush.o)
                              /opt/amiga/m68k-amigaos/lib//libc.a(lib_a-fclose.o) (__sflush_r)
/opt/amiga/m68k-amigaos/lib//libc.a(lib_a-lseekr.o)
                              /opt/amiga/m68k-amigaos/lib//libc.a(lib_a-stdio.o) (_lseek_r)
/opt/amiga/m68k-amigaos/lib//libc.a(lib_a-open.o)
                              /opt/amiga/m68k-amigaos/lib//libc.a(lib_a-closer.o) (_close)
/opt/amiga/m68k-amigaos/lib//libc.a(lib_a-readr.o)
                              /opt/amiga/m68k-amigaos/lib//libc.a(lib_a-stdio.o) (_read_r)
/opt/amiga/m68k-amigaos/lib//libc.a(lib_a-realloc.o)
                              /opt/amiga/m68k-amigaos/lib//libc.a(lib_a-open.o) (realloc)
/opt/amiga/m68k-amigaos/lib//libc.a(lib_a-dummy.o)
                              /opt/amiga/m68k-amigaos/lib//libc.a(lib_a-lseekr.o) (_lseek)
/opt/amiga/m68k-amigaos/lib//libstubs.a(icon.o)
                              CDChanger.o (IconBase)
/opt/amiga/m68k-amigaos/lib//libstubs.a(intuition.o)
                              CDChanger.o (IntuitionBase)
/opt/amiga/m68k-amigaos/lib//libstubs.a(layout.o)
                              CDChanger.o (LayoutBase)
/opt/amiga/m68k-amigaos/lib//libstubs.a(listbrowser.o)
                              CDChanger.o (ListBrowserBase)
/opt/amiga/m68k-amigaos/lib//libstubs.a(utility.o)
                              CDChanger.o (UtilityBase)
/opt/amiga/m68k-amigaos/lib//libstubs.a(window.o)
                              CDChanger.o (WindowBase)

Allocating common symbols
Common symbol       size              file

__maxfh             0x4               /opt/amiga/m68k-amigaos/lib//libc.a(lib_a-open.o)
mainWindow          0x4               CDChanger.o
_WBenchMsg          0x4               /opt/amiga/lib/gcc/m68k-amigaos/6.5.0b/../../../../m68k-amigaos/lib/crt0.o
scsi_capabilities   0x1               scsi.o
scsi_isRemovable    0x4               scsi.o
gb_List             0xe               CDChanger.o
scsi_apiVersion     0x1               scsi.o
scsi_sense          0x4               scsi.o
scsiPort            0x4               scsi.o
scsi_data           0x4               scsi.o
selectedNode        0x4               CDChanger.o
AppPort             0x4               CDChanger.o
io_ptr              0x4               scsi.o
__commandlen        0x4               /opt/amiga/lib/gcc/m68k-amigaos/6.5.0b/../../../../m68k-amigaos/lib/crt0.o
scsi_dev            0x400             CDChanger.o
__fh                0x4               /opt/amiga/m68k-amigaos/lib//libc.a(lib_a-open.o)
SysBase             0x4               /opt/amiga/lib/gcc/m68k-amigaos/6.5.0b/../../../../m68k-amigaos/lib/crt0.o
scsi_isCD           0x4               scsi.o
__commandline       0x4               /opt/amiga/lib/gcc/m68k-amigaos/6.5.0b/../../../../m68k-amigaos/lib/crt0.o
scsi_isZuluSCSI     0x4               scsi.o
selectedDrive       0x100             CDChanger.o
scsi_cmd            0x4               scsi.o
errno               0x4               /opt/amiga/m68k-amigaos/lib//libc.a(lib_a-writer.o)
scsi_isBlueSCSI     0x4               scsi.o
__argc              0x4               /opt/amiga/lib/gcc/m68k-amigaos/6.5.0b/../../../../m68k-amigaos/lib/crt0.o

Discarded input sections

 .bss           0x0000000000000000        0x0 CDChanger.o
 .rodata.ver    0x0000000000000000       0x20 CDChanger.o
 .text.FreeListBrowserNodes
                0x0000000000000000       0x38 CDChanger.o
 .text.bstrcpy  0x0000000000000000       0x34 CDChanger.o
 .text          0x0000000000000000        0x0 BlueSCSIlogo.o
 .text          0x0000000000000000        0x0 ZuluSCSIlogo.o
 .bss           0x0000000000000000        0x0 scsi.o
 .text.DoScsiCmd
                0x0000000000000000       0x74 scsi.o
 .text.Toolbox_Download
                0x0000000000000000      0x270 scsi.o
 .text          0x0000000000000000       0x58 /opt/amiga/m68k-amigaos/lib//libc.a(lib_a-__udivsi3.o)
 .bss           0x0000000000000000        0x8 /opt/amiga/m68k-amigaos/lib//libc.a(lib_a-findfp.o)

Memory Configuration

Name             Origin             Length             Attributes
*default*        0x0000000000000000 0xffffffffffffffff

Linker script and memory map

LOAD /opt/amiga/lib/gcc/m68k-amigaos/6.5.0b/../../../../m68k-amigaos/lib/crt0.o
LOAD CDChanger.o
LOAD /opt/amiga/m68k-amigaos/lib//libamiga.a
LOAD BlueSCSIlogo.o
LOAD ZuluSCSIlogo.o
LOAD scsi.o
LOAD common.o
START GROUP
LOAD /opt/amiga/m68k-amigaos/lib//libc.a
LOAD /opt/amiga/m68k-amigaos/lib//libstubs.a
LOAD /opt/amiga/m68k-amigaos/lib//libamiga.a
LOAD /opt/amiga/lib/gcc/m68k-amigaos/6.5.0b/libgcc.a
END GROUP
                [!provide]                        PROVIDE (___machtype = 0x0)
                0x0000000000000000                . = 0x0

.text           0x0000000000000000     0x4530
                0x0000000000000000                __stext = .
 *(.text)
 .text          0x0000000000000000      0x27c /opt/amiga/lib/gcc/m68k-amigaos/6.5.0b/../../../../m68k-amigaos/lib/crt0.o
                0x0000000000000000                ____start
                0x00000000000000c0                __exit
                0x00000000000000c0                _exit
                0x00000000000000c0                exit
                0x0000000000000108                callfuncs
                0x0000000000000168                __initlibraries
                0x00000000000001fe                __exitlibraries
                0x000000000000023e                __initcpp
                0x0000000000000262                __exitcpp
 .text          0x000000000000027c      0xcf4 CDChanger.o
                0x00000000000005a6                main
 .text          0x0000000000000f70       0x1c /opt/amiga/m68k-amigaos/lib//libamiga.a(newobject.o)
                0x0000000000000f70                NewObject
 .text          0x0000000000000f8c       0x14 /opt/amiga/m68k-amigaos/lib//libamiga.a(NewList.o)
                0x0000000000000f8c                NewList
 .text          0x0000000000000fa0       0x24 /opt/amiga/m68k-amigaos/lib//libamiga.a(DoMethod.o)
                0x0000000000000fa0                DoMethod
                0x0000000000000fa6                DoMethodA
 .text          0x0000000000000fc4      0x120 scsi.o
 .text          0x00000000000010e4        0x4 common.o
 .text          0x00000000000010e8        0xc /opt/amiga/m68k-amigaos/lib//libc.a(lib_a-__dosbase.o)
 .text          0x00000000000010f4      0x264 /opt/amiga/m68k-amigaos/lib//libc.a(lib_a-__nocommandline.o)
                0x00000000000010f4                __nocommandline
                0x0000000000001324                __exitcommandline
 .text          0x0000000000001358       0x1c /opt/amiga/m68k-amigaos/lib//libc.a(lib_a-calloc.o)
                0x0000000000001358                calloc
 .text          0x0000000000001374       0xac /opt/amiga/m68k-amigaos/lib//libc.a(lib_a-callocr.o)
                0x0000000000001374                _calloc_r
                0x00000000000013b4                _realloc_r
 .text          0x0000000000001420        0x4 /opt/amiga/m68k-amigaos/lib//libc.a(lib_a-impure.o)
                0x0000000000001420                _global_impure_ptr
 .text          0x0000000000001424       0x28 /opt/amiga/m68k-amigaos/lib//libc.a(lib_a-malloc.o)
                0x0000000000001424                malloc
                0x0000000000001438                free
 .text          0x000000000000144c       0x70 /opt/amiga/m68k-amigaos/lib//libc.a(lib_a-memcpy.o)
                0x000000000000144c                memcpy
 .text          0x00000000000014bc       0x74 /opt/amiga/m68k-amigaos/lib//libc.a(lib_a-memset.o)
                0x00000000000014bc                memset
 .text          0x0000000000001530       0x4c /opt/amiga/m68k-amigaos/lib//libc.a(lib_a-strcat.o)
                0x0000000000001530                strcat
 .text          0x000000000000157c       0x14 /opt/amiga/m68k-amigaos/lib//libc.a(lib_a-strcpy.o)
                0x000000000000157c                strcpy
 .text          0x0000000000001590       0x14 /opt/amiga/m68k-amigaos/lib//libc.a(lib_a-strlen.o)
                0x0000000000001590                strlen
 .text          0x00000000000015a4       0x64 /opt/amiga/m68k-amigaos/lib//libc.a(lib_a-strncat.o)
                0x00000000000015a4                strncat
 .text          0x0000000000001608       0x90 /opt/amiga/m68k-amigaos/lib//libc.a(lib_a-strncpy.o)
                0x0000000000001608                strncpy
 .text          0x0000000000001698      0x630 /opt/amiga/m68k-amigaos/lib//libc.a(lib_a-strstr.o)
                0x0000000000001a46                strstr
 .text          0x0000000000001cc8      0xa98 /opt/amiga/m68k-amigaos/lib//libc.a(malloc.o)
                0x0000000000001cc8                Tree::Leaf::next()
                0x0000000000001d0a                Tree::Leaf::prev()
                0x0000000000001d4c                Tree::drr(Tree::Leaf*, Tree::Leaf*)
                0x0000000000001dca                Tree::rr(Tree::Leaf*, Tree::Leaf*)
                0x0000000000001e18                Tree::drl(Tree::Leaf*, Tree::Leaf*)
                0x0000000000001e96                Tree::rl(Tree::Leaf*, Tree::Leaf*)
                0x0000000000001ee6                Tree::fixAdd(Tree::Leaf*)
                0x0000000000001fe4                Tree::fixRemove(Tree::Leaf*)
                0x0000000000002126                __sys_free(char*)
                0x000000000000213e                __sys_alloc(unsigned int)
                0x0000000000002164                RawMem::alloc(unsigned int)
                0x0000000000002178                MemMap::find(int)
                0x00000000000021aa                MemMap::unlink(MemMap::Leaf*)
                0x00000000000021cc                MemMap::put(MemMap::Leaf*)
                0x0000000000002236                MemMap::alloc(unsigned int)
                0x00000000000023ec                MemMap::free(char*)
                0x00000000000025cc                _malloc_r
                0x00000000000025da                _free_r
                0x00000000000025ee                __free_all
 .text          0x0000000000002760       0x2c /opt/amiga/m68k-amigaos/lib//libc.a(lib_a-__mulsi3.o)
                0x0000000000002760                __mulsi3
 .text          0x000000000000278c      0x4a0 /opt/amiga/m68k-amigaos/lib//libc.a(lib_a-findfp.o)
                0x000000000000278c                __sf_fake_stdin
                0x00000000000027ac                __sf_fake_stdout
                0x00000000000027cc                __sf_fake_stderr
                0x00000000000027ec                __sfmoreglue
                0x0000000000002844                __sfp
                0x0000000000002912                _cleanup_r
                0x0000000000002926                _cleanup
                0x000000000000293c                __sinit
                0x000000000000294c                __sfp_lock_acquire
                0x000000000000294e                __sfp_lock_release
                0x0000000000002950                __sinit_lock_acquire
                0x0000000000002952                __sinit_lock_release
                0x000000000000295c                __fp_lock_all
                0x0000000000002970                __fp_unlock_all
 .text          0x0000000000002c2c       0xcc /opt/amiga/m68k-amigaos/lib//libc.a(lib_a-fwalk.o)
                0x0000000000002c2c                _fwalk
                0x0000000000002c90                _fwalk_reent
 .text          0x0000000000002cf8       0xb4 /opt/amiga/m68k-amigaos/lib//libc.a(lib_a-memchr.o)
                0x0000000000002cf8                memchr
 .text          0x0000000000002dac       0x80 /opt/amiga/m68k-amigaos/lib//libc.a(lib_a-memcmp.o)
                0x0000000000002dac                memcmp
 .text          0x0000000000002e2c      0x110 /opt/amiga/m68k-amigaos/lib//libc.a(lib_a-stdio.o)
                0x0000000000002e2c                __sread
                0x0000000000002e64                __seofread
                0x0000000000002e68                __swrite
                0x0000000000002eea                __sseek
                0x0000000000002f2a                __sclose
 .text          0x0000000000002f3c       0xe0 /opt/amiga/m68k-amigaos/lib//libc.a(lib_a-strchr.o)
                0x0000000000002f3c                strchr
 .text          0x000000000000301c       0x3c /opt/amiga/m68k-amigaos/lib//libc.a(lib_a-writer.o)
                0x000000000000301c                _write_r
 .text          0x0000000000003058       0x2c /opt/amiga/m68k-amigaos/lib//libc.a(lib_a-closer.o)
                0x0000000000003058                _close_r
 .text          0x0000000000003084      0x134 /opt/amiga/m68k-amigaos/lib//libc.a(lib_a-fclose.o)
                0x0000000000003084                _fclose_r
                0x00000000000031a4                fclose
 .text          0x00000000000031b8      0x274 /opt/amiga/m68k-amigaos/lib//libc.a(lib_a-fflush.o)
                0x00000000000031b8                __sflush_r
                0x0000000000003378                _fflush_r
                0x0000000000003400                fflush
 .text          0x000000000000342c       0x3c /opt/amiga/m68k-amigaos/lib//libc.a(lib_a-lseekr.o)
                0x000000000000342c                _lseek_r
 .text          0x0000000000003468      0x29c /opt/amiga/m68k-amigaos/lib//libc.a(lib_a-open.o)
                0x0000000000003468                _open
                0x0000000000003468                open
                0x0000000000003550                _close
                0x0000000000003550                close
                0x0000000000003598                _write
                0x0000000000003598                write
                0x00000000000035e0                _read
                0x00000000000035e0                read
                0x0000000000003628                __init_fh
                0x0000000000003654                __exit_fh
                0x000000000000366c                _isatty
 .text          0x0000000000003704       0x3c /opt/amiga/m68k-amigaos/lib//libc.a(lib_a-readr.o)
                0x0000000000003704                _read_r
 .text          0x0000000000003740       0x1c /opt/amiga/m68k-amigaos/lib//libc.a(lib_a-realloc.o)
                0x0000000000003740                realloc
 .text          0x000000000000375c       0xc8 /opt/amiga/m68k-amigaos/lib//libc.a(lib_a-dummy.o)
                0x000000000000375c                _kill
                0x000000000000375e                _getpid
                0x0000000000003770                _lseek
                0x00000000000037fa                lseek
                0x00000000000037fe                _fstat
                0x0000000000003802                _unlink
                0x0000000000003820                ioctl
 .text          0x0000000000003824       0x10 /opt/amiga/m68k-amigaos/lib//libstubs.a(icon.o)
 .text          0x0000000000003834       0x14 /opt/amiga/m68k-amigaos/lib//libstubs.a(intuition.o)
 .text          0x0000000000003848       0x18 /opt/amiga/m68k-amigaos/lib//libstubs.a(layout.o)
 .text          0x0000000000003860       0x1c /opt/amiga/m68k-amigaos/lib//libstubs.a(listbrowser.o)
 .text          0x000000000000387c       0x10 /opt/amiga/m68k-amigaos/lib//libstubs.a(utility.o)
 .text          0x000000000000388c       0x10 /opt/amiga/m68k-amigaos/lib//libstubs.a(window.o)
 *(.text.main)
 *(.text*)
 .text.putChToBuffer
                0x000000000000389c        0xc CDChanger.o
 .text.AddListBrowserNode
                0x00000000000038a8       0xfc CDChanger.o
                0x00000000000038a8                AddListBrowserNode
 .text.DiskChange
                0x00000000000039a4      0x130 CDChanger.o
                0x00000000000039a4                DiskChange
 .text.GetVolumeName
                0x0000000000003ad4      0x114 CDChanger.o
                0x0000000000003ad4                GetVolumeName
 .text.putChToBuffer
                0x0000000000003be8        0xc scsi.o
 .text.scsi_setup
                0x0000000000003bf4      0x128 scsi.o
                0x0000000000003bf4                scsi_setup
 .text.scsi_cleanup
                0x0000000000003d1c       0xb0 scsi.o
                0x0000000000003d1c                scsi_cleanup
 .text.Toolbox_InitDevice
                0x0000000000003dcc      0x19c scsi.o
                0x0000000000003dcc                Toolbox_InitDevice
 .text.Toolbox_GetCapabilities
                0x0000000000003f68       0xd4 scsi.o
                0x0000000000003f68                Toolbox_GetCapabilities
 .text.Toolbox_Count_Files
                0x000000000000403c       0xd4 scsi.o
                0x000000000000403c                Toolbox_Count_Files
 .text.Toolbox_List_Files
                0x0000000000004110      0x218 scsi.o
                0x0000000000004110                Toolbox_List_Files
 .text.Toolbox_Set_Next_CD
                0x0000000000004328       0xec scsi.o
                0x0000000000004328                Toolbox_Set_Next_CD
 .text.Toolbox_InquiryHasName.part.0
                0x0000000000004414       0x78 scsi.o
 .text.MessageBox
                0x000000000000448c       0x48 common.o
                0x000000000000448c                MessageBox
 *(_*)
 *(.rodata*)
 *(.data.rel.ro*)
 *(.gnu.linkonce.t.*)
 *(.gnu.linkonce.r.*)
 *(.gcc_except_table*)
 *(SORT_BY_NAME(.list___EH_FRAME*))
 *(SORT_BY_NAME(.list_*))
 .list___CTOR_LIST__
                0x00000000000044d4        0x4 /opt/amiga/lib/gcc/m68k-amigaos/6.5.0b/../../../../m68k-amigaos/lib/crt0.o
                0x00000000000044d4                __CTOR_LIST__
 .list___DTOR_LIST__
                0x00000000000044d8        0x4 /opt/amiga/lib/gcc/m68k-amigaos/6.5.0b/../../../../m68k-amigaos/lib/crt0.o
                0x00000000000044d8                __DTOR_LIST__
 .list___EXIT_LIST__
                0x00000000000044dc       0x14 /opt/amiga/lib/gcc/m68k-amigaos/6.5.0b/../../../../m68k-amigaos/lib/crt0.o
                0x00000000000044dc                __EXIT_LIST__
 .list___EXIT_LIST__
                0x00000000000044f0        0x8 /opt/amiga/m68k-amigaos/lib//libc.a(lib_a-__nocommandline.o)
 .list___EXIT_LIST__
                0x00000000000044f8        0x8 /opt/amiga/m68k-amigaos/lib//libc.a(malloc.o)
 .list___EXIT_LIST__
                0x0000000000004500        0x8 /opt/amiga/m68k-amigaos/lib//libc.a(lib_a-open.o)
 .list___INIT_LIST__
                0x0000000000004508       0x14 /opt/amiga/lib/gcc/m68k-amigaos/6.5.0b/../../../../m68k-amigaos/lib/crt0.o
                0x0000000000004508                __INIT_LIST__
 .list___INIT_LIST__
                0x000000000000451c        0x8 /opt/amiga/m68k-amigaos/lib//libc.a(lib_a-__nocommandline.o)
 .list___INIT_LIST__
                0x0000000000004524        0x8 /opt/amiga/m68k-amigaos/lib//libc.a(lib_a-open.o)
 *(.end_of_lists)
 .end_of_lists  0x000000000000452c        0x4 /opt/amiga/lib/gcc/m68k-amigaos/6.5.0b/../../../../m68k-amigaos/lib/crt0.o
                0x000000000000452c                __ZZZ_LIST__
                0x0000000000004530                ___datadata_relocs = .
                0x0000000000004530                __etext = .
                0x0000000000004530                ___text_size = SIZEOF (.text)
                0x0000000000004530                . = ALIGN (0x0)

.data           0x0000000000004530      0xeec
                0x0000000000004530                __sdata = .
 *(.data)
 .data          0x0000000000004530        0x4 /opt/amiga/lib/gcc/m68k-amigaos/6.5.0b/../../../../m68k-amigaos/lib/crt0.o
 .data          0x0000000000004534        0x0 /opt/amiga/m68k-amigaos/lib//libamiga.a(newobject.o)
 .data          0x0000000000004534        0x0 /opt/amiga/m68k-amigaos/lib//libamiga.a(NewList.o)
 .data          0x0000000000004534        0x0 /opt/amiga/m68k-amigaos/lib//libamiga.a(DoMethod.o)
 .data          0x0000000000004534       0x10 scsi.o
 .data          0x0000000000004544       0x14 common.o
 .data          0x0000000000004558       0xf4 /opt/amiga/m68k-amigaos/lib//libc.a(lib_a-impure.o)
                0x0000000000004648                _impure_ptr
 *(SORT_BY_NAME(.data.*))
 .data.appname  0x000000000000464c        0x4 CDChanger.o
 .data.bluescsi_logo_data
                0x0000000000004650      0x6a8 BlueSCSIlogo.o
                0x0000000000004650                bluescsi_logo_data
 .data.gb_ListbrowserColumn
                0x0000000000004cf8       0x20 CDChanger.o
                0x0000000000004cf8                gb_ListbrowserColumn
 .data.logo_image
                0x0000000000004d18       0x14 CDChanger.o
                0x0000000000004d18                logo_image
 .data.readArgsTemplate
                0x0000000000004d2c        0x4 CDChanger.o
 .data.scsi_unit
                0x0000000000004d30        0x4 CDChanger.o
                0x0000000000004d30                scsi_unit
 .data.zuluscsi_logo_data
                0x0000000000004d34      0x6a8 ZuluSCSIlogo.o
                0x0000000000004d34                zuluscsi_logo_data
 *(SORT_BY_NAME(.dlist___EH_FRAME_OBJECT*))
 *(SORT_BY_NAME(.dlist_*))
 .dlist___LIB_LIST__
                0x00000000000053dc        0x4 /opt/amiga/lib/gcc/m68k-amigaos/6.5.0b/../../../../m68k-amigaos/lib/crt0.o
                0x00000000000053dc                __LIB_LIST__
 .dlist___LIB_LIST__
                0x00000000000053e0        0x8 /opt/amiga/m68k-amigaos/lib//libc.a(lib_a-__dosbase.o)
                0x00000000000053e0                DOSBase
 .dlist___LIB_LIST__
                0x00000000000053e8        0x8 /opt/amiga/m68k-amigaos/lib//libstubs.a(icon.o)
                0x00000000000053e8                IconBase
 .dlist___LIB_LIST__
                0x00000000000053f0        0x8 /opt/amiga/m68k-amigaos/lib//libstubs.a(intuition.o)
                0x00000000000053f0                IntuitionBase
 .dlist___LIB_LIST__
                0x00000000000053f8        0x8 /opt/amiga/m68k-amigaos/lib//libstubs.a(layout.o)
                0x00000000000053f8                LayoutBase
 .dlist___LIB_LIST__
                0x0000000000005400        0x8 /opt/amiga/m68k-amigaos/lib//libstubs.a(listbrowser.o)
                0x0000000000005400                ListBrowserBase
 .dlist___LIB_LIST__
                0x0000000000005408        0x8 /opt/amiga/m68k-amigaos/lib//libstubs.a(utility.o)
                0x0000000000005408                UtilityBase
 .dlist___LIB_LIST__
                0x0000000000005410        0x8 /opt/amiga/m68k-amigaos/lib//libstubs.a(window.o)
                0x0000000000005410                WindowBase
 *(.end_of_dlists)
 .end_of_dlists
                0x0000000000005418        0x4 /opt/amiga/lib/gcc/m68k-amigaos/6.5.0b/../../../../m68k-amigaos/lib/crt0.o
                0x0000000000005418                __ZZZ_DLIST__
 *(.data.__EH_FRAME_OBJECT__*)
 *(.gnu.linkonce.d.*)
                0x000000000000541c                __edata = .
                0x0000000000000eec                ___data_size = SIZEOF (.data)

.bss            0x000000000000541c      0x5b4
                0x000000000000541c                __bss_start = .
 *(.bss)
 .bss           0x000000000000541c       0x10 /opt/amiga/lib/gcc/m68k-amigaos/6.5.0b/../../../../m68k-amigaos/lib/crt0.o
                0x000000000000541c                __argv
 .bss           0x000000000000542c        0x0 /opt/amiga/m68k-amigaos/lib//libamiga.a(newobject.o)
 .bss           0x000000000000542c        0x0 /opt/amiga/m68k-amigaos/lib//libamiga.a(NewList.o)
 .bss           0x000000000000542c        0x0 /opt/amiga/m68k-amigaos/lib//libamiga.a(DoMethod.o)
 .bss           0x000000000000542c        0x8 /opt/amiga/m68k-amigaos/lib//libc.a(lib_a-__nocommandline.o)
 .bss           0x0000000000005434       0x24 /opt/amiga/m68k-amigaos/lib//libc.a(malloc.o)
 .bss           0x0000000000005458        0x4 /opt/amiga/m68k-amigaos/lib//libc.a(lib_a-open.o)
 *(.bss.*)
 .bss.chip_logo_data
                0x000000000000545c        0x4 CDChanger.o
                0x000000000000545c                chip_logo_data
 .bss.files     0x0000000000005460        0x4 scsi.o
                0x0000000000005460                files
 .bss.filecount
                0x0000000000005464        0x4 scsi.o
                0x0000000000005464                filecount
 *(COMMON)
 COMMON         0x0000000000005468       0x14 /opt/amiga/lib/gcc/m68k-amigaos/6.5.0b/../../../../m68k-amigaos/lib/crt0.o
                0x0000000000005468                _WBenchMsg
                0x000000000000546c                __commandlen
                0x0000000000005470                SysBase
                0x0000000000005474                __commandline
                0x0000000000005478                __argc
 COMMON         0x000000000000547c      0x51c CDChanger.o
                0x000000000000547c                mainWindow
                0x0000000000005480                gb_List
                0x0000000000005490                selectedNode
                0x0000000000005494                AppPort
                0x0000000000005498                scsi_dev
                0x0000000000005898                selectedDrive
 COMMON         0x0000000000005998       0x2c scsi.o
                0x0000000000005998                scsi_capabilities
                0x000000000000599c                scsi_isRemovable
                0x00000000000059a0                scsi_apiVersion
                0x00000000000059a4                scsi_sense
                0x00000000000059a8                scsiPort
                0x00000000000059ac                scsi_data
                0x00000000000059b0                io_ptr
                0x00000000000059b4                scsi_isCD
                0x00000000000059b8                scsi_isZuluSCSI
                0x00000000000059bc                scsi_cmd
                0x00000000000059c0                scsi_isBlueSCSI
 COMMON         0x00000000000059c4        0x4 /opt/amiga/m68k-amigaos/lib//libc.a(lib_a-writer.o)
                0x00000000000059c4                errno
 COMMON         0x00000000000059c8        0x8 /opt/amiga/m68k-amigaos/lib//libc.a(lib_a-open.o)
                0x00000000000059c8                __maxfh
                0x00000000000059cc                __fh
                0x00000000000059d0                __end = .
                0x00000000000005b4                ___bss_size = SIZEOF (.bss)

.datachip
 *(.datachip)

.bsschip
 *(.bsschip)

.dwarf2         0x00000000000059d0        0x0
                0x00000000000059d0                __debug_frame_start = .
 *(.debug_frame)
                0x00000000000059d0                __debug_info_start = .
 *(.debug_info)
                0x00000000000059d0                __debug_abbrev_start = .
 *(.debug_abbrev)
                0x00000000000059d0                __debug_loclists_start = .
 *(.debug_loclists)
                0x00000000000059d0                __debug_aranges_start = .
 *(.debug_aranges)
                0x00000000000059d0                __debug_rgnlists_start = .
 *(.debug_rnglists)
                0x00000000000059d0                __debug_line_start = .
 *(.debug_line)
                0x00000000000059d0                __debug_str_start = .
 *(.debug_str)
                0x00000000000059d0                __debug_line_str_start = .
 *(.debug_line_str)
OUTPUT(CDChanger.map_test amiga)
